[1204/041618.590:ERROR:cache_util_win.cc(20)] Unable to move the cache: Acceso denegado. (0x5)
[1204/041618.638:ERROR:disk_cache.cc(205)] Unable to create cache
[1204/041618.638:ERROR:gpu_disk_cache.cc(673)] Gpu Cache Creation failed: -2
[1204/041618.643:ERROR:cache_util_win.cc(20)] Unable to move the cache: Acceso denegado. (0x5)
[1204/041618.644:ERROR:disk_cache.cc(205)] Unable to create cache
[1204/041618.644:ERROR:gpu_disk_cache.cc(673)] Gpu Cache Creation failed: -2
[1204/041618.813:ERROR:cache_util_win.cc(20)] Unable to move the cache: Acceso denegado. (0x5)
[1204/041618.828:ERROR:disk_cache.cc(205)] Unable to create cache
[1204/041618.829:ERROR:gpu_disk_cache.cc(673)] Gpu Cache Creation failed: -2
[1204/041618.862:ERROR:cache_util_win.cc(20)] Unable to move the cache: Acceso denegado. (0x5)
[1204/041618.863:ERROR:disk_cache.cc(205)] Unable to create cache
[1204/041618.863:ERROR:gpu_disk_cache.cc(673)] Gpu Cache Creation failed: -2
[1204/041619.578:INFO:CONSOLE(113)] "Event handler of 'x-storagemutated-1' event must be added on the initial evaluation of worker script.", source: https://static.whatsapp.net/rsrc.php/v4/yN/r/5WjmP7ZmhWW.js (113)
[1204/041620.304:INFO:CONSOLE(0)] "Error with Permissions-Policy header: Feature xr-spatial-tracking's parameters are ignored.", source:  (0)
[1204/041620.304:INFO:CONSOLE(0)] "Error with Permissions-Policy header: Origin trial controlled feature not enabled: 'attribution-reporting'.", source:  (0)
[1204/041620.304:INFO:CONSOLE(0)] "Error with Permissions-Policy header: Unrecognized feature: 'compute-pressure'.", source:  (0)
[1204/041620.304:INFO:CONSOLE(0)] "Error with Permissions-Policy header: Origin trial controlled feature not enabled: 'interest-cohort'.", source:  (0)
[1204/041620.304:INFO:CONSOLE(0)] "Error with Permissions-Policy header: Unrecognized feature: 'private-state-token-issuance'.", source:  (0)
[1204/041620.304:INFO:CONSOLE(0)] "Error with Permissions-Policy header: Origin trial controlled feature not enabled: 'shared-storage'.", source:  (0)
[1204/041620.305:INFO:CONSOLE(0)] "Error with Permissions-Policy header: Unrecognized feature: 'shared-storage-select-url'.", source:  (0)
[1204/041620.305:INFO:CONSOLE(0)] "Error with Permissions-Policy header: Unrecognized feature: 'private-state-token-redemption'.", source:  (0)
[1204/041620.305:INFO:CONSOLE(0)] "Error with Permissions-Policy header: Unrecognized feature: 'unload'.", source:  (0)
[1204/041620.305:INFO:CONSOLE(0)] "Error with Permissions-Policy header: Unrecognized feature: 'window-management'.", source:  (0)
[1204/041620.306:INFO:CONSOLE(0)] "Document-Policy HTTP header: Unrecognized document policy feature name include-js-call-stacks-in-crash-reports.", source: https://web.whatsapp.com/ (0)
[1204/041620.987:ERROR:cache_util_win.cc(20)] Unable to move the cache: Acceso denegado. (0x5)
[1204/041620.988:ERROR:disk_cache.cc(205)] Unable to create cache
[1204/041621.083:ERROR:cache_util_win.cc(20)] Unable to move the cache: Acceso denegado. (0x5)
[1204/041621.084:ERROR:disk_cache.cc(205)] Unable to create cache
[1204/041621.653:ERROR:service_worker_storage.cc(1933)] Failed to delete the database: Database IO error
[1204/041621.656:ERROR:service_worker_storage.cc(1933)] Failed to delete the database: Database IO error
[1204/041622.285:INFO:CONSOLE(0)] "Error with Permissions-Policy header: Feature xr-spatial-tracking's parameters are ignored.", source:  (0)
[1204/041622.286:INFO:CONSOLE(0)] "Error with Permissions-Policy header: Origin trial controlled feature not enabled: 'attribution-reporting'.", source:  (0)
[1204/041622.286:INFO:CONSOLE(0)] "Error with Permissions-Policy header: Unrecognized feature: 'compute-pressure'.", source:  (0)
[1204/041622.286:INFO:CONSOLE(0)] "Error with Permissions-Policy header: Origin trial controlled feature not enabled: 'interest-cohort'.", source:  (0)
[1204/041622.286:INFO:CONSOLE(0)] "Error with Permissions-Policy header: Unrecognized feature: 'private-state-token-issuance'.", source:  (0)
[1204/041622.286:INFO:CONSOLE(0)] "Error with Permissions-Policy header: Origin trial controlled feature not enabled: 'shared-storage'.", source:  (0)
[1204/041622.286:INFO:CONSOLE(0)] "Error with Permissions-Policy header: Unrecognized feature: 'shared-storage-select-url'.", source:  (0)
[1204/041622.287:INFO:CONSOLE(0)] "Error with Permissions-Policy header: Unrecognized feature: 'private-state-token-redemption'.", source:  (0)
[1204/041622.287:INFO:CONSOLE(0)] "Error with Permissions-Policy header: Unrecognized feature: 'unload'.", source:  (0)
[1204/041622.287:INFO:CONSOLE(0)] "Error with Permissions-Policy header: Unrecognized feature: 'window-management'.", source:  (0)
[1204/041622.287:INFO:CONSOLE(0)] "Document-Policy HTTP header: Unrecognized document policy feature name include-js-call-stacks-in-crash-reports.", source: https://web.whatsapp.com/ (0)
[1204/041622.325:INFO:CONSOLE(0)] "Error with Permissions-Policy header: Feature xr-spatial-tracking's parameters are ignored.", source:  (0)
[1204/041622.326:INFO:CONSOLE(0)] "Error with Permissions-Policy header: Origin trial controlled feature not enabled: 'attribution-reporting'.", source:  (0)
[1204/041622.326:INFO:CONSOLE(0)] "Error with Permissions-Policy header: Unrecognized feature: 'compute-pressure'.", source:  (0)
[1204/041622.326:INFO:CONSOLE(0)] "Error with Permissions-Policy header: Origin trial controlled feature not enabled: 'interest-cohort'.", source:  (0)
[1204/041622.326:INFO:CONSOLE(0)] "Error with Permissions-Policy header: Unrecognized feature: 'private-state-token-issuance'.", source:  (0)
[1204/041622.326:INFO:CONSOLE(0)] "Error with Permissions-Policy header: Origin trial controlled feature not enabled: 'shared-storage'.", source:  (0)
[1204/041622.326:INFO:CONSOLE(0)] "Error with Permissions-Policy header: Unrecognized feature: 'shared-storage-select-url'.", source:  (0)
[1204/041622.326:INFO:CONSOLE(0)] "Error with Permissions-Policy header: Unrecognized feature: 'private-state-token-redemption'.", source:  (0)
[1204/041622.327:INFO:CONSOLE(0)] "Error with Permissions-Policy header: Unrecognized feature: 'unload'.", source:  (0)
[1204/041622.327:INFO:CONSOLE(0)] "Error with Permissions-Policy header: Unrecognized feature: 'window-management'.", source:  (0)
[1204/041622.327:INFO:CONSOLE(0)] "Document-Policy HTTP header: Unrecognized document policy feature name include-js-call-stacks-in-crash-reports.", source: https://web.whatsapp.com/ (0)
[1204/041632.572:ERROR:leveldb_factory.cc(88)] Failed to open LevelDB database from C:\TECCIA\demo\.wwebjs_auth\session-d47a848b-d951-475f-8d17-33a4830fc23d\Default\IndexedDB\https_web.whatsapp.com_0.indexeddb.leveldb,IO error: C:\TECCIA\demo\.wwebjs_auth\session-d47a848b-d951-475f-8d17-33a4830fc23d\Default\IndexedDB\https_web.whatsapp.com_0.indexeddb.leveldb/LOCK: File currently in use. (ChromeMethodBFE: 15::LockFile::2)
[1204/041632.852:ERROR:leveldb_factory.cc(88)] Failed to open LevelDB database from C:\TECCIA\demo\.wwebjs_auth\session-d47a848b-d951-475f-8d17-33a4830fc23d\Default\IndexedDB\https_web.whatsapp.com_0.indexeddb.leveldb,IO error: C:\TECCIA\demo\.wwebjs_auth\session-d47a848b-d951-475f-8d17-33a4830fc23d\Default\IndexedDB\https_web.whatsapp.com_0.indexeddb.leveldb/LOCK: File currently in use. (ChromeMethodBFE: 15::LockFile::2)
[1204/041634.585:ERROR:leveldb_factory.cc(88)] Failed to open LevelDB database from C:\TECCIA\demo\.wwebjs_auth\session-d47a848b-d951-475f-8d17-33a4830fc23d\Default\IndexedDB\https_web.whatsapp.com_0.indexeddb.leveldb,IO error: C:\TECCIA\demo\.wwebjs_auth\session-d47a848b-d951-475f-8d17-33a4830fc23d\Default\IndexedDB\https_web.whatsapp.com_0.indexeddb.leveldb/LOCK: File currently in use. (ChromeMethodBFE: 15::LockFile::2)
[1204/041634.927:ERROR:leveldb_factory.cc(88)] Failed to open LevelDB database from C:\TECCIA\demo\.wwebjs_auth\session-d47a848b-d951-475f-8d17-33a4830fc23d\Default\IndexedDB\https_web.whatsapp.com_0.indexeddb.leveldb,IO error: C:\TECCIA\demo\.wwebjs_auth\session-d47a848b-d951-475f-8d17-33a4830fc23d\Default\IndexedDB\https_web.whatsapp.com_0.indexeddb.leveldb/LOCK: File currently in use. (ChromeMethodBFE: 15::LockFile::2)
[1204/041636.636:ERROR:leveldb_factory.cc(88)] Failed to open LevelDB database from C:\TECCIA\demo\.wwebjs_auth\session-d47a848b-d951-475f-8d17-33a4830fc23d\Default\IndexedDB\https_web.whatsapp.com_0.indexeddb.leveldb,IO error: C:\TECCIA\demo\.wwebjs_auth\session-d47a848b-d951-475f-8d17-33a4830fc23d\Default\IndexedDB\https_web.whatsapp.com_0.indexeddb.leveldb/LOCK: File currently in use. (ChromeMethodBFE: 15::LockFile::2)
[1204/041637.033:ERROR:leveldb_factory.cc(88)] Failed to open LevelDB database from C:\TECCIA\demo\.wwebjs_auth\session-d47a848b-d951-475f-8d17-33a4830fc23d\Default\IndexedDB\https_web.whatsapp.com_0.indexeddb.leveldb,IO error: C:\TECCIA\demo\.wwebjs_auth\session-d47a848b-d951-475f-8d17-33a4830fc23d\Default\IndexedDB\https_web.whatsapp.com_0.indexeddb.leveldb/LOCK: File currently in use. (ChromeMethodBFE: 15::LockFile::2)
[1204/041638.660:ERROR:leveldb_factory.cc(88)] Failed to open LevelDB database from C:\TECCIA\demo\.wwebjs_auth\session-d47a848b-d951-475f-8d17-33a4830fc23d\Default\IndexedDB\https_web.whatsapp.com_0.indexeddb.leveldb,IO error: C:\TECCIA\demo\.wwebjs_auth\session-d47a848b-d951-475f-8d17-33a4830fc23d\Default\IndexedDB\https_web.whatsapp.com_0.indexeddb.leveldb/LOCK: File currently in use. (ChromeMethodBFE: 15::LockFile::2)
[1204/041639.051:ERROR:leveldb_factory.cc(88)] Failed to open LevelDB database from C:\TECCIA\demo\.wwebjs_auth\session-d47a848b-d951-475f-8d17-33a4830fc23d\Default\IndexedDB\https_web.whatsapp.com_0.indexeddb.leveldb,IO error: C:\TECCIA\demo\.wwebjs_auth\session-d47a848b-d951-475f-8d17-33a4830fc23d\Default\IndexedDB\https_web.whatsapp.com_0.indexeddb.leveldb/LOCK: File currently in use. (ChromeMethodBFE: 15::LockFile::2)
[1204/041640.693:ERROR:leveldb_factory.cc(88)] Failed to open LevelDB database from C:\TECCIA\demo\.wwebjs_auth\session-d47a848b-d951-475f-8d17-33a4830fc23d\Default\IndexedDB\https_web.whatsapp.com_0.indexeddb.leveldb,IO error: C:\TECCIA\demo\.wwebjs_auth\session-d47a848b-d951-475f-8d17-33a4830fc23d\Default\IndexedDB\https_web.whatsapp.com_0.indexeddb.leveldb/LOCK: File currently in use. (ChromeMethodBFE: 15::LockFile::2)
[1204/041641.080:ERROR:leveldb_factory.cc(88)] Failed to open LevelDB database from C:\TECCIA\demo\.wwebjs_auth\session-d47a848b-d951-475f-8d17-33a4830fc23d\Default\IndexedDB\https_web.whatsapp.com_0.indexeddb.leveldb,IO error: C:\TECCIA\demo\.wwebjs_auth\session-d47a848b-d951-475f-8d17-33a4830fc23d\Default\IndexedDB\https_web.whatsapp.com_0.indexeddb.leveldb/LOCK: File currently in use. (ChromeMethodBFE: 15::LockFile::2)
[1204/041642.722:ERROR:leveldb_factory.cc(88)] Failed to open LevelDB database from C:\TECCIA\demo\.wwebjs_auth\session-d47a848b-d951-475f-8d17-33a4830fc23d\Default\IndexedDB\https_web.whatsapp.com_0.indexeddb.leveldb,IO error: C:\TECCIA\demo\.wwebjs_auth\session-d47a848b-d951-475f-8d17-33a4830fc23d\Default\IndexedDB\https_web.whatsapp.com_0.indexeddb.leveldb/LOCK: File currently in use. (ChromeMethodBFE: 15::LockFile::2)
[1204/041643.113:ERROR:leveldb_factory.cc(88)] Failed to open LevelDB database from C:\TECCIA\demo\.wwebjs_auth\session-d47a848b-d951-475f-8d17-33a4830fc23d\Default\IndexedDB\https_web.whatsapp.com_0.indexeddb.leveldb,IO error: C:\TECCIA\demo\.wwebjs_auth\session-d47a848b-d951-475f-8d17-33a4830fc23d\Default\IndexedDB\https_web.whatsapp.com_0.indexeddb.leveldb/LOCK: File currently in use. (ChromeMethodBFE: 15::LockFile::2)
[1204/041644.744:ERROR:leveldb_factory.cc(88)] Failed to open LevelDB database from C:\TECCIA\demo\.wwebjs_auth\session-d47a848b-d951-475f-8d17-33a4830fc23d\Default\IndexedDB\https_web.whatsapp.com_0.indexeddb.leveldb,IO error: C:\TECCIA\demo\.wwebjs_auth\session-d47a848b-d951-475f-8d17-33a4830fc23d\Default\IndexedDB\https_web.whatsapp.com_0.indexeddb.leveldb/LOCK: File currently in use. (ChromeMethodBFE: 15::LockFile::2)
[1204/041645.135:ERROR:leveldb_factory.cc(88)] Failed to open LevelDB database from C:\TECCIA\demo\.wwebjs_auth\session-d47a848b-d951-475f-8d17-33a4830fc23d\Default\IndexedDB\https_web.whatsapp.com_0.indexeddb.leveldb,IO error: C:\TECCIA\demo\.wwebjs_auth\session-d47a848b-d951-475f-8d17-33a4830fc23d\Default\IndexedDB\https_web.whatsapp.com_0.indexeddb.leveldb/LOCK: File currently in use. (ChromeMethodBFE: 15::LockFile::2)
[1204/041646.769:ERROR:leveldb_factory.cc(88)] Failed to open LevelDB database from C:\TECCIA\demo\.wwebjs_auth\session-d47a848b-d951-475f-8d17-33a4830fc23d\Default\IndexedDB\https_web.whatsapp.com_0.indexeddb.leveldb,IO error: C:\TECCIA\demo\.wwebjs_auth\session-d47a848b-d951-475f-8d17-33a4830fc23d\Default\IndexedDB\https_web.whatsapp.com_0.indexeddb.leveldb/LOCK: File currently in use. (ChromeMethodBFE: 15::LockFile::2)
[1204/041647.164:ERROR:leveldb_factory.cc(88)] Failed to open LevelDB database from C:\TECCIA\demo\.wwebjs_auth\session-d47a848b-d951-475f-8d17-33a4830fc23d\Default\IndexedDB\https_web.whatsapp.com_0.indexeddb.leveldb,IO error: C:\TECCIA\demo\.wwebjs_auth\session-d47a848b-d951-475f-8d17-33a4830fc23d\Default\IndexedDB\https_web.whatsapp.com_0.indexeddb.leveldb/LOCK: File currently in use. (ChromeMethodBFE: 15::LockFile::2)
[1204/041649.101:ERROR:leveldb_factory.cc(88)] Failed to open LevelDB database from C:\TECCIA\demo\.wwebjs_auth\session-d47a848b-d951-475f-8d17-33a4830fc23d\Default\IndexedDB\https_web.whatsapp.com_0.indexeddb.leveldb,IO error: C:\TECCIA\demo\.wwebjs_auth\session-d47a848b-d951-475f-8d17-33a4830fc23d\Default\IndexedDB\https_web.whatsapp.com_0.indexeddb.leveldb/LOCK: File currently in use. (ChromeMethodBFE: 15::LockFile::2)
[1204/041649.335:ERROR:leveldb_factory.cc(88)] Failed to open LevelDB database from C:\TECCIA\demo\.wwebjs_auth\session-d47a848b-d951-475f-8d17-33a4830fc23d\Default\IndexedDB\https_web.whatsapp.com_0.indexeddb.leveldb,IO error: C:\TECCIA\demo\.wwebjs_auth\session-d47a848b-d951-475f-8d17-33a4830fc23d\Default\IndexedDB\https_web.whatsapp.com_0.indexeddb.leveldb/LOCK: File currently in use. (ChromeMethodBFE: 15::LockFile::2)
[1204/041651.127:ERROR:leveldb_factory.cc(88)] Failed to open LevelDB database from C:\TECCIA\demo\.wwebjs_auth\session-d47a848b-d951-475f-8d17-33a4830fc23d\Default\IndexedDB\https_web.whatsapp.com_0.indexeddb.leveldb,IO error: C:\TECCIA\demo\.wwebjs_auth\session-d47a848b-d951-475f-8d17-33a4830fc23d\Default\IndexedDB\https_web.whatsapp.com_0.indexeddb.leveldb/LOCK: File currently in use. (ChromeMethodBFE: 15::LockFile::2)
[1204/041651.360:ERROR:leveldb_factory.cc(88)] Failed to open LevelDB database from C:\TECCIA\demo\.wwebjs_auth\session-d47a848b-d951-475f-8d17-33a4830fc23d\Default\IndexedDB\https_web.whatsapp.com_0.indexeddb.leveldb,IO error: C:\TECCIA\demo\.wwebjs_auth\session-d47a848b-d951-475f-8d17-33a4830fc23d\Default\IndexedDB\https_web.whatsapp.com_0.indexeddb.leveldb/LOCK: File currently in use. (ChromeMethodBFE: 15::LockFile::2)
[1204/041653.155:ERROR:leveldb_factory.cc(88)] Failed to open LevelDB database from C:\TECCIA\demo\.wwebjs_auth\session-d47a848b-d951-475f-8d17-33a4830fc23d\Default\IndexedDB\https_web.whatsapp.com_0.indexeddb.leveldb,IO error: C:\TECCIA\demo\.wwebjs_auth\session-d47a848b-d951-475f-8d17-33a4830fc23d\Default\IndexedDB\https_web.whatsapp.com_0.indexeddb.leveldb/LOCK: File currently in use. (ChromeMethodBFE: 15::LockFile::2)
[1204/041653.390:ERROR:leveldb_factory.cc(88)] Failed to open LevelDB database from C:\TECCIA\demo\.wwebjs_auth\session-d47a848b-d951-475f-8d17-33a4830fc23d\Default\IndexedDB\https_web.whatsapp.com_0.indexeddb.leveldb,IO error: C:\TECCIA\demo\.wwebjs_auth\session-d47a848b-d951-475f-8d17-33a4830fc23d\Default\IndexedDB\https_web.whatsapp.com_0.indexeddb.leveldb/LOCK: File currently in use. (ChromeMethodBFE: 15::LockFile::2)
[1204/041655.182:ERROR:leveldb_factory.cc(88)] Failed to open LevelDB database from C:\TECCIA\demo\.wwebjs_auth\session-d47a848b-d951-475f-8d17-33a4830fc23d\Default\IndexedDB\https_web.whatsapp.com_0.indexeddb.leveldb,IO error: C:\TECCIA\demo\.wwebjs_auth\session-d47a848b-d951-475f-8d17-33a4830fc23d\Default\IndexedDB\https_web.whatsapp.com_0.indexeddb.leveldb/LOCK: File currently in use. (ChromeMethodBFE: 15::LockFile::2)
[1204/041655.418:ERROR:leveldb_factory.cc(88)] Failed to open LevelDB database from C:\TECCIA\demo\.wwebjs_auth\session-d47a848b-d951-475f-8d17-33a4830fc23d\Default\IndexedDB\https_web.whatsapp.com_0.indexeddb.leveldb,IO error: C:\TECCIA\demo\.wwebjs_auth\session-d47a848b-d951-475f-8d17-33a4830fc23d\Default\IndexedDB\https_web.whatsapp.com_0.indexeddb.leveldb/LOCK: File currently in use. (ChromeMethodBFE: 15::LockFile::2)
[1204/041657.196:ERROR:leveldb_factory.cc(88)] Failed to open LevelDB database from C:\TECCIA\demo\.wwebjs_auth\session-d47a848b-d951-475f-8d17-33a4830fc23d\Default\IndexedDB\https_web.whatsapp.com_0.indexeddb.leveldb,IO error: C:\TECCIA\demo\.wwebjs_auth\session-d47a848b-d951-475f-8d17-33a4830fc23d\Default\IndexedDB\https_web.whatsapp.com_0.indexeddb.leveldb/LOCK: File currently in use. (ChromeMethodBFE: 15::LockFile::2)
[1204/041657.429:ERROR:leveldb_factory.cc(88)] Failed to open LevelDB database from C:\TECCIA\demo\.wwebjs_auth\session-d47a848b-d951-475f-8d17-33a4830fc23d\Default\IndexedDB\https_web.whatsapp.com_0.indexeddb.leveldb,IO error: C:\TECCIA\demo\.wwebjs_auth\session-d47a848b-d951-475f-8d17-33a4830fc23d\Default\IndexedDB\https_web.whatsapp.com_0.indexeddb.leveldb/LOCK: File currently in use. (ChromeMethodBFE: 15::LockFile::2)
[1204/041659.223:ERROR:leveldb_factory.cc(88)] Failed to open LevelDB database from C:\TECCIA\demo\.wwebjs_auth\session-d47a848b-d951-475f-8d17-33a4830fc23d\Default\IndexedDB\https_web.whatsapp.com_0.indexeddb.leveldb,IO error: C:\TECCIA\demo\.wwebjs_auth\session-d47a848b-d951-475f-8d17-33a4830fc23d\Default\IndexedDB\https_web.whatsapp.com_0.indexeddb.leveldb/LOCK: File currently in use. (ChromeMethodBFE: 15::LockFile::2)
[1204/041659.460:ERROR:leveldb_factory.cc(88)] Failed to open LevelDB database from C:\TECCIA\demo\.wwebjs_auth\session-d47a848b-d951-475f-8d17-33a4830fc23d\Default\IndexedDB\https_web.whatsapp.com_0.indexeddb.leveldb,IO error: C:\TECCIA\demo\.wwebjs_auth\session-d47a848b-d951-475f-8d17-33a4830fc23d\Default\IndexedDB\https_web.whatsapp.com_0.indexeddb.leveldb/LOCK: File currently in use. (ChromeMethodBFE: 15::LockFile::2)
[1204/041701.253:ERROR:leveldb_factory.cc(88)] Failed to open LevelDB database from C:\TECCIA\demo\.wwebjs_auth\session-d47a848b-d951-475f-8d17-33a4830fc23d\Default\IndexedDB\https_web.whatsapp.com_0.indexeddb.leveldb,IO error: C:\TECCIA\demo\.wwebjs_auth\session-d47a848b-d951-475f-8d17-33a4830fc23d\Default\IndexedDB\https_web.whatsapp.com_0.indexeddb.leveldb/LOCK: File currently in use. (ChromeMethodBFE: 15::LockFile::2)
[1204/041701.489:ERROR:leveldb_factory.cc(88)] Failed to open LevelDB database from C:\TECCIA\demo\.wwebjs_auth\session-d47a848b-d951-475f-8d17-33a4830fc23d\Default\IndexedDB\https_web.whatsapp.com_0.indexeddb.leveldb,IO error: C:\TECCIA\demo\.wwebjs_auth\session-d47a848b-d951-475f-8d17-33a4830fc23d\Default\IndexedDB\https_web.whatsapp.com_0.indexeddb.leveldb/LOCK: File currently in use. (ChromeMethodBFE: 15::LockFile::2)
[1204/041703.282:ERROR:leveldb_factory.cc(88)] Failed to open LevelDB database from C:\TECCIA\demo\.wwebjs_auth\session-d47a848b-d951-475f-8d17-33a4830fc23d\Default\IndexedDB\https_web.whatsapp.com_0.indexeddb.leveldb,IO error: C:\TECCIA\demo\.wwebjs_auth\session-d47a848b-d951-475f-8d17-33a4830fc23d\Default\IndexedDB\https_web.whatsapp.com_0.indexeddb.leveldb/LOCK: File currently in use. (ChromeMethodBFE: 15::LockFile::2)
[1204/041703.520:ERROR:leveldb_factory.cc(88)] Failed to open LevelDB database from C:\TECCIA\demo\.wwebjs_auth\session-d47a848b-d951-475f-8d17-33a4830fc23d\Default\IndexedDB\https_web.whatsapp.com_0.indexeddb.leveldb,IO error: C:\TECCIA\demo\.wwebjs_auth\session-d47a848b-d951-475f-8d17-33a4830fc23d\Default\IndexedDB\https_web.whatsapp.com_0.indexeddb.leveldb/LOCK: File currently in use. (ChromeMethodBFE: 15::LockFile::2)
[1204/041705.313:ERROR:leveldb_factory.cc(88)] Failed to open LevelDB database from C:\TECCIA\demo\.wwebjs_auth\session-d47a848b-d951-475f-8d17-33a4830fc23d\Default\IndexedDB\https_web.whatsapp.com_0.indexeddb.leveldb,IO error: C:\TECCIA\demo\.wwebjs_auth\session-d47a848b-d951-475f-8d17-33a4830fc23d\Default\IndexedDB\https_web.whatsapp.com_0.indexeddb.leveldb/LOCK: File currently in use. (ChromeMethodBFE: 15::LockFile::2)
[1204/041705.549:ERROR:leveldb_factory.cc(88)] Failed to open LevelDB database from C:\TECCIA\demo\.wwebjs_auth\session-d47a848b-d951-475f-8d17-33a4830fc23d\Default\IndexedDB\https_web.whatsapp.com_0.indexeddb.leveldb,IO error: C:\TECCIA\demo\.wwebjs_auth\session-d47a848b-d951-475f-8d17-33a4830fc23d\Default\IndexedDB\https_web.whatsapp.com_0.indexeddb.leveldb/LOCK: File currently in use. (ChromeMethodBFE: 15::LockFile::2)
[1204/041707.374:ERROR:leveldb_factory.cc(88)] Failed to open LevelDB database from C:\TECCIA\demo\.wwebjs_auth\session-d47a848b-d951-475f-8d17-33a4830fc23d\Default\IndexedDB\https_web.whatsapp.com_0.indexeddb.leveldb,IO error: C:\TECCIA\demo\.wwebjs_auth\session-d47a848b-d951-475f-8d17-33a4830fc23d\Default\IndexedDB\https_web.whatsapp.com_0.indexeddb.leveldb/LOCK: File currently in use. (ChromeMethodBFE: 15::LockFile::2)
[1204/041707.577:ERROR:leveldb_factory.cc(88)] Failed to open LevelDB database from C:\TECCIA\demo\.wwebjs_auth\session-d47a848b-d951-475f-8d17-33a4830fc23d\Default\IndexedDB\https_web.whatsapp.com_0.indexeddb.leveldb,IO error: C:\TECCIA\demo\.wwebjs_auth\session-d47a848b-d951-475f-8d17-33a4830fc23d\Default\IndexedDB\https_web.whatsapp.com_0.indexeddb.leveldb/LOCK: File currently in use. (ChromeMethodBFE: 15::LockFile::2)
[1204/041709.395:ERROR:leveldb_factory.cc(88)] Failed to open LevelDB database from C:\TECCIA\demo\.wwebjs_auth\session-d47a848b-d951-475f-8d17-33a4830fc23d\Default\IndexedDB\https_web.whatsapp.com_0.indexeddb.leveldb,IO error: C:\TECCIA\demo\.wwebjs_auth\session-d47a848b-d951-475f-8d17-33a4830fc23d\Default\IndexedDB\https_web.whatsapp.com_0.indexeddb.leveldb/LOCK: File currently in use. (ChromeMethodBFE: 15::LockFile::2)
[1204/041709.612:ERROR:leveldb_factory.cc(88)] Failed to open LevelDB database from C:\TECCIA\demo\.wwebjs_auth\session-d47a848b-d951-475f-8d17-33a4830fc23d\Default\IndexedDB\https_web.whatsapp.com_0.indexeddb.leveldb,IO error: C:\TECCIA\demo\.wwebjs_auth\session-d47a848b-d951-475f-8d17-33a4830fc23d\Default\IndexedDB\https_web.whatsapp.com_0.indexeddb.leveldb/LOCK: File currently in use. (ChromeMethodBFE: 15::LockFile::2)
[1204/041711.419:ERROR:leveldb_factory.cc(88)] Failed to open LevelDB database from C:\TECCIA\demo\.wwebjs_auth\session-d47a848b-d951-475f-8d17-33a4830fc23d\Default\IndexedDB\https_web.whatsapp.com_0.indexeddb.leveldb,IO error: C:\TECCIA\demo\.wwebjs_auth\session-d47a848b-d951-475f-8d17-33a4830fc23d\Default\IndexedDB\https_web.whatsapp.com_0.indexeddb.leveldb/LOCK: File currently in use. (ChromeMethodBFE: 15::LockFile::2)
[1204/041711.624:ERROR:leveldb_factory.cc(88)] Failed to open LevelDB database from C:\TECCIA\demo\.wwebjs_auth\session-d47a848b-d951-475f-8d17-33a4830fc23d\Default\IndexedDB\https_web.whatsapp.com_0.indexeddb.leveldb,IO error: C:\TECCIA\demo\.wwebjs_auth\session-d47a848b-d951-475f-8d17-33a4830fc23d\Default\IndexedDB\https_web.whatsapp.com_0.indexeddb.leveldb/LOCK: File currently in use. (ChromeMethodBFE: 15::LockFile::2)
[1204/041713.441:ERROR:leveldb_factory.cc(88)] Failed to open LevelDB database from C:\TECCIA\demo\.wwebjs_auth\session-d47a848b-d951-475f-8d17-33a4830fc23d\Default\IndexedDB\https_web.whatsapp.com_0.indexeddb.leveldb,IO error: C:\TECCIA\demo\.wwebjs_auth\session-d47a848b-d951-475f-8d17-33a4830fc23d\Default\IndexedDB\https_web.whatsapp.com_0.indexeddb.leveldb/LOCK: File currently in use. (ChromeMethodBFE: 15::LockFile::2)
[1204/041713.645:ERROR:leveldb_factory.cc(88)] Failed to open LevelDB database from C:\TECCIA\demo\.wwebjs_auth\session-d47a848b-d951-475f-8d17-33a4830fc23d\Default\IndexedDB\https_web.whatsapp.com_0.indexeddb.leveldb,IO error: C:\TECCIA\demo\.wwebjs_auth\session-d47a848b-d951-475f-8d17-33a4830fc23d\Default\IndexedDB\https_web.whatsapp.com_0.indexeddb.leveldb/LOCK: File currently in use. (ChromeMethodBFE: 15::LockFile::2)
[1204/041715.494:ERROR:leveldb_factory.cc(88)] Failed to open LevelDB database from C:\TECCIA\demo\.wwebjs_auth\session-d47a848b-d951-475f-8d17-33a4830fc23d\Default\IndexedDB\https_web.whatsapp.com_0.indexeddb.leveldb,IO error: C:\TECCIA\demo\.wwebjs_auth\session-d47a848b-d951-475f-8d17-33a4830fc23d\Default\IndexedDB\https_web.whatsapp.com_0.indexeddb.leveldb/LOCK: File currently in use. (ChromeMethodBFE: 15::LockFile::2)
[1204/041715.683:ERROR:leveldb_factory.cc(88)] Failed to open LevelDB database from C:\TECCIA\demo\.wwebjs_auth\session-d47a848b-d951-475f-8d17-33a4830fc23d\Default\IndexedDB\https_web.whatsapp.com_0.indexeddb.leveldb,IO error: C:\TECCIA\demo\.wwebjs_auth\session-d47a848b-d951-475f-8d17-33a4830fc23d\Default\IndexedDB\https_web.whatsapp.com_0.indexeddb.leveldb/LOCK: File currently in use. (ChromeMethodBFE: 15::LockFile::2)
[1204/041717.534:ERROR:leveldb_factory.cc(88)] Failed to open LevelDB database from C:\TECCIA\demo\.wwebjs_auth\session-d47a848b-d951-475f-8d17-33a4830fc23d\Default\IndexedDB\https_web.whatsapp.com_0.indexeddb.leveldb,IO error: C:\TECCIA\demo\.wwebjs_auth\session-d47a848b-d951-475f-8d17-33a4830fc23d\Default\IndexedDB\https_web.whatsapp.com_0.indexeddb.leveldb/LOCK: File currently in use. (ChromeMethodBFE: 15::LockFile::2)
[1204/041717.706:ERROR:leveldb_factory.cc(88)] Failed to open LevelDB database from C:\TECCIA\demo\.wwebjs_auth\session-d47a848b-d951-475f-8d17-33a4830fc23d\Default\IndexedDB\https_web.whatsapp.com_0.indexeddb.leveldb,IO error: C:\TECCIA\demo\.wwebjs_auth\session-d47a848b-d951-475f-8d17-33a4830fc23d\Default\IndexedDB\https_web.whatsapp.com_0.indexeddb.leveldb/LOCK: File currently in use. (ChromeMethodBFE: 15::LockFile::2)
[1204/041719.556:ERROR:leveldb_factory.cc(88)] Failed to open LevelDB database from C:\TECCIA\demo\.wwebjs_auth\session-d47a848b-d951-475f-8d17-33a4830fc23d\Default\IndexedDB\https_web.whatsapp.com_0.indexeddb.leveldb,IO error: C:\TECCIA\demo\.wwebjs_auth\session-d47a848b-d951-475f-8d17-33a4830fc23d\Default\IndexedDB\https_web.whatsapp.com_0.indexeddb.leveldb/LOCK: File currently in use. (ChromeMethodBFE: 15::LockFile::2)
[1204/041719.745:ERROR:leveldb_factory.cc(88)] Failed to open LevelDB database from C:\TECCIA\demo\.wwebjs_auth\session-d47a848b-d951-475f-8d17-33a4830fc23d\Default\IndexedDB\https_web.whatsapp.com_0.indexeddb.leveldb,IO error: C:\TECCIA\demo\.wwebjs_auth\session-d47a848b-d951-475f-8d17-33a4830fc23d\Default\IndexedDB\https_web.whatsapp.com_0.indexeddb.leveldb/LOCK: File currently in use. (ChromeMethodBFE: 15::LockFile::2)
[1204/041721.571:ERROR:leveldb_factory.cc(88)] Failed to open LevelDB database from C:\TECCIA\demo\.wwebjs_auth\session-d47a848b-d951-475f-8d17-33a4830fc23d\Default\IndexedDB\https_web.whatsapp.com_0.indexeddb.leveldb,IO error: C:\TECCIA\demo\.wwebjs_auth\session-d47a848b-d951-475f-8d17-33a4830fc23d\Default\IndexedDB\https_web.whatsapp.com_0.indexeddb.leveldb/LOCK: File currently in use. (ChromeMethodBFE: 15::LockFile::2)
[1204/041721.795:ERROR:leveldb_factory.cc(88)] Failed to open LevelDB database from C:\TECCIA\demo\.wwebjs_auth\session-d47a848b-d951-475f-8d17-33a4830fc23d\Default\IndexedDB\https_web.whatsapp.com_0.indexeddb.leveldb,IO error: C:\TECCIA\demo\.wwebjs_auth\session-d47a848b-d951-475f-8d17-33a4830fc23d\Default\IndexedDB\https_web.whatsapp.com_0.indexeddb.leveldb/LOCK: File currently in use. (ChromeMethodBFE: 15::LockFile::2)
[1204/041723.601:ERROR:leveldb_factory.cc(88)] Failed to open LevelDB database from C:\TECCIA\demo\.wwebjs_auth\session-d47a848b-d951-475f-8d17-33a4830fc23d\Default\IndexedDB\https_web.whatsapp.com_0.indexeddb.leveldb,IO error: C:\TECCIA\demo\.wwebjs_auth\session-d47a848b-d951-475f-8d17-33a4830fc23d\Default\IndexedDB\https_web.whatsapp.com_0.indexeddb.leveldb/LOCK: File currently in use. (ChromeMethodBFE: 15::LockFile::2)
[1204/041723.847:ERROR:leveldb_factory.cc(88)] Failed to open LevelDB database from C:\TECCIA\demo\.wwebjs_auth\session-d47a848b-d951-475f-8d17-33a4830fc23d\Default\IndexedDB\https_web.whatsapp.com_0.indexeddb.leveldb,IO error: C:\TECCIA\demo\.wwebjs_auth\session-d47a848b-d951-475f-8d17-33a4830fc23d\Default\IndexedDB\https_web.whatsapp.com_0.indexeddb.leveldb/LOCK: File currently in use. (ChromeMethodBFE: 15::LockFile::2)
[1204/041725.614:ERROR:leveldb_factory.cc(88)] Failed to open LevelDB database from C:\TECCIA\demo\.wwebjs_auth\session-d47a848b-d951-475f-8d17-33a4830fc23d\Default\IndexedDB\https_web.whatsapp.com_0.indexeddb.leveldb,IO error: C:\TECCIA\demo\.wwebjs_auth\session-d47a848b-d951-475f-8d17-33a4830fc23d\Default\IndexedDB\https_web.whatsapp.com_0.indexeddb.leveldb/LOCK: File currently in use. (ChromeMethodBFE: 15::LockFile::2)
[1204/041725.864:ERROR:leveldb_factory.cc(88)] Failed to open LevelDB database from C:\TECCIA\demo\.wwebjs_auth\session-d47a848b-d951-475f-8d17-33a4830fc23d\Default\IndexedDB\https_web.whatsapp.com_0.indexeddb.leveldb,IO error: C:\TECCIA\demo\.wwebjs_auth\session-d47a848b-d951-475f-8d17-33a4830fc23d\Default\IndexedDB\https_web.whatsapp.com_0.indexeddb.leveldb/LOCK: File currently in use. (ChromeMethodBFE: 15::LockFile::2)
[1204/041727.634:ERROR:leveldb_factory.cc(88)] Failed to open LevelDB database from C:\TECCIA\demo\.wwebjs_auth\session-d47a848b-d951-475f-8d17-33a4830fc23d\Default\IndexedDB\https_web.whatsapp.com_0.indexeddb.leveldb,IO error: C:\TECCIA\demo\.wwebjs_auth\session-d47a848b-d951-475f-8d17-33a4830fc23d\Default\IndexedDB\https_web.whatsapp.com_0.indexeddb.leveldb/LOCK: File currently in use. (ChromeMethodBFE: 15::LockFile::2)
[1204/041727.900:ERROR:leveldb_factory.cc(88)] Failed to open LevelDB database from C:\TECCIA\demo\.wwebjs_auth\session-d47a848b-d951-475f-8d17-33a4830fc23d\Default\IndexedDB\https_web.whatsapp.com_0.indexeddb.leveldb,IO error: C:\TECCIA\demo\.wwebjs_auth\session-d47a848b-d951-475f-8d17-33a4830fc23d\Default\IndexedDB\https_web.whatsapp.com_0.indexeddb.leveldb/LOCK: File currently in use. (ChromeMethodBFE: 15::LockFile::2)
[1204/041729.665:ERROR:leveldb_factory.cc(88)] Failed to open LevelDB database from C:\TECCIA\demo\.wwebjs_auth\session-d47a848b-d951-475f-8d17-33a4830fc23d\Default\IndexedDB\https_web.whatsapp.com_0.indexeddb.leveldb,IO error: C:\TECCIA\demo\.wwebjs_auth\session-d47a848b-d951-475f-8d17-33a4830fc23d\Default\IndexedDB\https_web.whatsapp.com_0.indexeddb.leveldb/LOCK: File currently in use. (ChromeMethodBFE: 15::LockFile::2)
[1204/041729.932:ERROR:leveldb_factory.cc(88)] Failed to open LevelDB database from C:\TECCIA\demo\.wwebjs_auth\session-d47a848b-d951-475f-8d17-33a4830fc23d\Default\IndexedDB\https_web.whatsapp.com_0.indexeddb.leveldb,IO error: C:\TECCIA\demo\.wwebjs_auth\session-d47a848b-d951-475f-8d17-33a4830fc23d\Default\IndexedDB\https_web.whatsapp.com_0.indexeddb.leveldb/LOCK: File currently in use. (ChromeMethodBFE: 15::LockFile::2)
[1204/041731.700:ERROR:leveldb_factory.cc(88)] Failed to open LevelDB database from C:\TECCIA\demo\.wwebjs_auth\session-d47a848b-d951-475f-8d17-33a4830fc23d\Default\IndexedDB\https_web.whatsapp.com_0.indexeddb.leveldb,IO error: C:\TECCIA\demo\.wwebjs_auth\session-d47a848b-d951-475f-8d17-33a4830fc23d\Default\IndexedDB\https_web.whatsapp.com_0.indexeddb.leveldb/LOCK: File currently in use. (ChromeMethodBFE: 15::LockFile::2)
[1204/041731.964:ERROR:leveldb_factory.cc(88)] Failed to open LevelDB database from C:\TECCIA\demo\.wwebjs_auth\session-d47a848b-d951-475f-8d17-33a4830fc23d\Default\IndexedDB\https_web.whatsapp.com_0.indexeddb.leveldb,IO error: C:\TECCIA\demo\.wwebjs_auth\session-d47a848b-d951-475f-8d17-33a4830fc23d\Default\IndexedDB\https_web.whatsapp.com_0.indexeddb.leveldb/LOCK: File currently in use. (ChromeMethodBFE: 15::LockFile::2)
[1204/041733.720:ERROR:leveldb_factory.cc(88)] Failed to open LevelDB database from C:\TECCIA\demo\.wwebjs_auth\session-d47a848b-d951-475f-8d17-33a4830fc23d\Default\IndexedDB\https_web.whatsapp.com_0.indexeddb.leveldb,IO error: C:\TECCIA\demo\.wwebjs_auth\session-d47a848b-d951-475f-8d17-33a4830fc23d\Default\IndexedDB\https_web.whatsapp.com_0.indexeddb.leveldb/LOCK: File currently in use. (ChromeMethodBFE: 15::LockFile::2)
[1204/041733.988:ERROR:leveldb_factory.cc(88)] Failed to open LevelDB database from C:\TECCIA\demo\.wwebjs_auth\session-d47a848b-d951-475f-8d17-33a4830fc23d\Default\IndexedDB\https_web.whatsapp.com_0.indexeddb.leveldb,IO error: C:\TECCIA\demo\.wwebjs_auth\session-d47a848b-d951-475f-8d17-33a4830fc23d\Default\IndexedDB\https_web.whatsapp.com_0.indexeddb.leveldb/LOCK: File currently in use. (ChromeMethodBFE: 15::LockFile::2)
[1204/041735.749:ERROR:leveldb_factory.cc(88)] Failed to open LevelDB database from C:\TECCIA\demo\.wwebjs_auth\session-d47a848b-d951-475f-8d17-33a4830fc23d\Default\IndexedDB\https_web.whatsapp.com_0.indexeddb.leveldb,IO error: C:\TECCIA\demo\.wwebjs_auth\session-d47a848b-d951-475f-8d17-33a4830fc23d\Default\IndexedDB\https_web.whatsapp.com_0.indexeddb.leveldb/LOCK: File currently in use. (ChromeMethodBFE: 15::LockFile::2)
[1204/041736.000:ERROR:leveldb_factory.cc(88)] Failed to open LevelDB database from C:\TECCIA\demo\.wwebjs_auth\session-d47a848b-d951-475f-8d17-33a4830fc23d\Default\IndexedDB\https_web.whatsapp.com_0.indexeddb.leveldb,IO error: C:\TECCIA\demo\.wwebjs_auth\session-d47a848b-d951-475f-8d17-33a4830fc23d\Default\IndexedDB\https_web.whatsapp.com_0.indexeddb.leveldb/LOCK: File currently in use. (ChromeMethodBFE: 15::LockFile::2)
[1204/041737.303:ERROR:cache_util_win.cc(20)] Unable to move the cache: Acceso denegado. (0x5)
[1204/041737.305:ERROR:disk_cache.cc(205)] Unable to create cache
[1204/041737.305:ERROR:gpu_disk_cache.cc(673)] Gpu Cache Creation failed: -2
[1204/041737.400:ERROR:cache_util_win.cc(20)] Unable to move the cache: Acceso denegado. (0x5)
[1204/041737.401:ERROR:cache_util_win.cc(20)] Unable to move the cache: Acceso denegado. (0x5)
[1204/041737.401:ERROR:disk_cache.cc(205)] Unable to create cache
[1204/041737.402:ERROR:gpu_disk_cache.cc(673)] Gpu Cache Creation failed: -2
[1204/041737.402:ERROR:disk_cache.cc(205)] Unable to create cache
[1204/041737.402:ERROR:gpu_disk_cache.cc(673)] Gpu Cache Creation failed: -2
[1204/041738.081:ERROR:leveldb_factory.cc(88)] Failed to open LevelDB database from C:\TECCIA\demo\.wwebjs_auth\session-d47a848b-d951-475f-8d17-33a4830fc23d\Default\IndexedDB\https_web.whatsapp.com_0.indexeddb.leveldb,IO error: C:\TECCIA\demo\.wwebjs_auth\session-d47a848b-d951-475f-8d17-33a4830fc23d\Default\IndexedDB\https_web.whatsapp.com_0.indexeddb.leveldb/LOCK: File currently in use. (ChromeMethodBFE: 15::LockFile::2)
[1204/041739.188:ERROR:cache_util_win.cc(20)] Unable to move the cache: Acceso denegado. (0x5)
[1204/041739.188:ERROR:disk_cache.cc(205)] Unable to create cache
[1204/041739.423:ERROR:cache_util_win.cc(20)] Unable to move the cache: Acceso denegado. (0x5)
[1204/041739.424:ERROR:disk_cache.cc(205)] Unable to create cache
[1204/041739.698:INFO:CONSOLE(0)] "Error with Permissions-Policy header: Feature xr-spatial-tracking's parameters are ignored.", source:  (0)
[1204/041739.699:INFO:CONSOLE(0)] "Error with Permissions-Policy header: Origin trial controlled feature not enabled: 'attribution-reporting'.", source:  (0)
[1204/041739.699:INFO:CONSOLE(0)] "Error with Permissions-Policy header: Unrecognized feature: 'compute-pressure'.", source:  (0)
[1204/041739.699:INFO:CONSOLE(0)] "Error with Permissions-Policy header: Origin trial controlled feature not enabled: 'interest-cohort'.", source:  (0)
[1204/041739.699:INFO:CONSOLE(0)] "Error with Permissions-Policy header: Unrecognized feature: 'private-state-token-issuance'.", source:  (0)
[1204/041739.699:INFO:CONSOLE(0)] "Error with Permissions-Policy header: Origin trial controlled feature not enabled: 'shared-storage'.", source:  (0)
[1204/041739.699:INFO:CONSOLE(0)] "Error with Permissions-Policy header: Unrecognized feature: 'shared-storage-select-url'.", source:  (0)
[1204/041739.700:INFO:CONSOLE(0)] "Error with Permissions-Policy header: Unrecognized feature: 'private-state-token-redemption'.", source:  (0)
[1204/041739.700:INFO:CONSOLE(0)] "Error with Permissions-Policy header: Unrecognized feature: 'unload'.", source:  (0)
[1204/041739.700:INFO:CONSOLE(0)] "Error with Permissions-Policy header: Unrecognized feature: 'window-management'.", source:  (0)
[1204/041739.700:INFO:CONSOLE(0)] "Document-Policy HTTP header: Unrecognized document policy feature name include-js-call-stacks-in-crash-reports.", source: https://web.whatsapp.com/ (0)
[1204/041739.981:INFO:CONSOLE(0)] "Error with Permissions-Policy header: Feature xr-spatial-tracking's parameters are ignored.", source:  (0)
[1204/041739.982:INFO:CONSOLE(0)] "Error with Permissions-Policy header: Origin trial controlled feature not enabled: 'attribution-reporting'.", source:  (0)
[1204/041739.982:INFO:CONSOLE(0)] "Error with Permissions-Policy header: Unrecognized feature: 'compute-pressure'.", source:  (0)
[1204/041739.982:INFO:CONSOLE(0)] "Error with Permissions-Policy header: Origin trial controlled feature not enabled: 'interest-cohort'.", source:  (0)
[1204/041739.983:INFO:CONSOLE(0)] "Error with Permissions-Policy header: Unrecognized feature: 'private-state-token-issuance'.", source:  (0)
[1204/041739.983:INFO:CONSOLE(0)] "Error with Permissions-Policy header: Origin trial controlled feature not enabled: 'shared-storage'.", source:  (0)
[1204/041739.983:INFO:CONSOLE(0)] "Error with Permissions-Policy header: Unrecognized feature: 'shared-storage-select-url'.", source:  (0)
[1204/041739.983:INFO:CONSOLE(0)] "Error with Permissions-Policy header: Unrecognized feature: 'private-state-token-redemption'.", source:  (0)
[1204/041739.984:INFO:CONSOLE(0)] "Error with Permissions-Policy header: Unrecognized feature: 'unload'.", source:  (0)
[1204/041739.985:INFO:CONSOLE(0)] "Error with Permissions-Policy header: Unrecognized feature: 'window-management'.", source:  (0)
[1204/041739.986:INFO:CONSOLE(0)] "Document-Policy HTTP header: Unrecognized document policy feature name include-js-call-stacks-in-crash-reports.", source: https://web.whatsapp.com/ (0)
[1204/041740.116:ERROR:leveldb_factory.cc(88)] Failed to open LevelDB database from C:\TECCIA\demo\.wwebjs_auth\session-d47a848b-d951-475f-8d17-33a4830fc23d\Default\IndexedDB\https_web.whatsapp.com_0.indexeddb.leveldb,IO error: C:\TECCIA\demo\.wwebjs_auth\session-d47a848b-d951-475f-8d17-33a4830fc23d\Default\IndexedDB\https_web.whatsapp.com_0.indexeddb.leveldb/LOCK: File currently in use. (ChromeMethodBFE: 15::LockFile::2)
[1204/041740.183:ERROR:service_worker_storage.cc(1933)] Failed to delete the database: Database IO error
[1204/041740.427:ERROR:service_worker_storage.cc(1933)] Failed to delete the database: Database IO error
[1204/041742.173:ERROR:leveldb_factory.cc(88)] Failed to open LevelDB database from C:\TECCIA\demo\.wwebjs_auth\session-d47a848b-d951-475f-8d17-33a4830fc23d\Default\IndexedDB\https_web.whatsapp.com_0.indexeddb.leveldb,IO error: C:\TECCIA\demo\.wwebjs_auth\session-d47a848b-d951-475f-8d17-33a4830fc23d\Default\IndexedDB\https_web.whatsapp.com_0.indexeddb.leveldb/LOCK: File currently in use. (ChromeMethodBFE: 15::LockFile::2)
[1204/041744.238:ERROR:leveldb_factory.cc(88)] Failed to open LevelDB database from C:\TECCIA\demo\.wwebjs_auth\session-d47a848b-d951-475f-8d17-33a4830fc23d\Default\IndexedDB\https_web.whatsapp.com_0.indexeddb.leveldb,IO error: C:\TECCIA\demo\.wwebjs_auth\session-d47a848b-d951-475f-8d17-33a4830fc23d\Default\IndexedDB\https_web.whatsapp.com_0.indexeddb.leveldb/LOCK: File currently in use. (ChromeMethodBFE: 15::LockFile::2)
[1204/041745.517:INFO:CONSOLE(113)] "Event handler of 'x-storagemutated-1' event must be added on the initial evaluation of worker script.", source: https://static.whatsapp.net/rsrc.php/v4/yN/r/5WjmP7ZmhWW.js (113)
[1204/041746.290:ERROR:leveldb_factory.cc(88)] Failed to open LevelDB database from C:\TECCIA\demo\.wwebjs_auth\session-d47a848b-d951-475f-8d17-33a4830fc23d\Default\IndexedDB\https_web.whatsapp.com_0.indexeddb.leveldb,IO error: C:\TECCIA\demo\.wwebjs_auth\session-d47a848b-d951-475f-8d17-33a4830fc23d\Default\IndexedDB\https_web.whatsapp.com_0.indexeddb.leveldb/LOCK: File currently in use. (ChromeMethodBFE: 15::LockFile::2)
[1204/041748.378:ERROR:leveldb_factory.cc(88)] Failed to open LevelDB database from C:\TECCIA\demo\.wwebjs_auth\session-d47a848b-d951-475f-8d17-33a4830fc23d\Default\IndexedDB\https_web.whatsapp.com_0.indexeddb.leveldb,IO error: C:\TECCIA\demo\.wwebjs_auth\session-d47a848b-d951-475f-8d17-33a4830fc23d\Default\IndexedDB\https_web.whatsapp.com_0.indexeddb.leveldb/LOCK: File currently in use. (ChromeMethodBFE: 15::LockFile::2)
[1204/041748.770:ERROR:quota_database.cc(929)] Could not open the quota database, resetting.
[1204/041749.024:ERROR:quota_database.cc(929)] Could not open the quota database, resetting.
[1204/041750.437:ERROR:leveldb_factory.cc(88)] Failed to open LevelDB database from C:\TECCIA\demo\.wwebjs_auth\session-d47a848b-d951-475f-8d17-33a4830fc23d\Default\IndexedDB\https_web.whatsapp.com_0.indexeddb.leveldb,IO error: C:\TECCIA\demo\.wwebjs_auth\session-d47a848b-d951-475f-8d17-33a4830fc23d\Default\IndexedDB\https_web.whatsapp.com_0.indexeddb.leveldb/LOCK: File currently in use. (ChromeMethodBFE: 15::LockFile::2)
[1204/041752.471:ERROR:leveldb_factory.cc(88)] Failed to open LevelDB database from C:\TECCIA\demo\.wwebjs_auth\session-d47a848b-d951-475f-8d17-33a4830fc23d\Default\IndexedDB\https_web.whatsapp.com_0.indexeddb.leveldb,IO error: C:\TECCIA\demo\.wwebjs_auth\session-d47a848b-d951-475f-8d17-33a4830fc23d\Default\IndexedDB\https_web.whatsapp.com_0.indexeddb.leveldb/LOCK: File currently in use. (ChromeMethodBFE: 15::LockFile::2)
[1204/041753.734:ERROR:quota_database.cc(929)] Could not open the quota database, resetting.
[1204/041754.082:ERROR:quota_database.cc(929)] Could not open the quota database, resetting.
[1204/041754.494:ERROR:leveldb_factory.cc(88)] Failed to open LevelDB database from C:\TECCIA\demo\.wwebjs_auth\session-d47a848b-d951-475f-8d17-33a4830fc23d\Default\IndexedDB\https_web.whatsapp.com_0.indexeddb.leveldb,IO error: C:\TECCIA\demo\.wwebjs_auth\session-d47a848b-d951-475f-8d17-33a4830fc23d\Default\IndexedDB\https_web.whatsapp.com_0.indexeddb.leveldb/LOCK: File currently in use. (ChromeMethodBFE: 15::LockFile::2)
[1204/041756.519:ERROR:leveldb_factory.cc(88)] Failed to open LevelDB database from C:\TECCIA\demo\.wwebjs_auth\session-d47a848b-d951-475f-8d17-33a4830fc23d\Default\IndexedDB\https_web.whatsapp.com_0.indexeddb.leveldb,IO error: C:\TECCIA\demo\.wwebjs_auth\session-d47a848b-d951-475f-8d17-33a4830fc23d\Default\IndexedDB\https_web.whatsapp.com_0.indexeddb.leveldb/LOCK: File currently in use. (ChromeMethodBFE: 15::LockFile::2)
[1204/041756.694:ERROR:quota_database.cc(931)] Failed to reset the quota database.
[1204/041756.694:ERROR:quota_database.cc(931)] Failed to reset the quota database.
[1204/041757.006:ERROR:quota_database.cc(931)] Failed to reset the quota database.
[1204/041757.007:ERROR:quota_database.cc(931)] Failed to reset the quota database.
[1204/041758.545:ERROR:leveldb_factory.cc(88)] Failed to open LevelDB database from C:\TECCIA\demo\.wwebjs_auth\session-d47a848b-d951-475f-8d17-33a4830fc23d\Default\IndexedDB\https_web.whatsapp.com_0.indexeddb.leveldb,IO error: C:\TECCIA\demo\.wwebjs_auth\session-d47a848b-d951-475f-8d17-33a4830fc23d\Default\IndexedDB\https_web.whatsapp.com_0.indexeddb.leveldb/LOCK: File currently in use. (ChromeMethodBFE: 15::LockFile::2)
[1204/041800.561:ERROR:leveldb_factory.cc(88)] Failed to open LevelDB database from C:\TECCIA\demo\.wwebjs_auth\session-d47a848b-d951-475f-8d17-33a4830fc23d\Default\IndexedDB\https_web.whatsapp.com_0.indexeddb.leveldb,IO error: C:\TECCIA\demo\.wwebjs_auth\session-d47a848b-d951-475f-8d17-33a4830fc23d\Default\IndexedDB\https_web.whatsapp.com_0.indexeddb.leveldb/LOCK: File currently in use. (ChromeMethodBFE: 15::LockFile::2)
[1204/041802.575:ERROR:leveldb_factory.cc(88)] Failed to open LevelDB database from C:\TECCIA\demo\.wwebjs_auth\session-d47a848b-d951-475f-8d17-33a4830fc23d\Default\IndexedDB\https_web.whatsapp.com_0.indexeddb.leveldb,IO error: C:\TECCIA\demo\.wwebjs_auth\session-d47a848b-d951-475f-8d17-33a4830fc23d\Default\IndexedDB\https_web.whatsapp.com_0.indexeddb.leveldb/LOCK: File currently in use. (ChromeMethodBFE: 15::LockFile::2)
[1204/041804.593:ERROR:leveldb_factory.cc(88)] Failed to open LevelDB database from C:\TECCIA\demo\.wwebjs_auth\session-d47a848b-d951-475f-8d17-33a4830fc23d\Default\IndexedDB\https_web.whatsapp.com_0.indexeddb.leveldb,IO error: C:\TECCIA\demo\.wwebjs_auth\session-d47a848b-d951-475f-8d17-33a4830fc23d\Default\IndexedDB\https_web.whatsapp.com_0.indexeddb.leveldb/LOCK: File currently in use. (ChromeMethodBFE: 15::LockFile::2)
[1204/041806.623:ERROR:leveldb_factory.cc(88)] Failed to open LevelDB database from C:\TECCIA\demo\.wwebjs_auth\session-d47a848b-d951-475f-8d17-33a4830fc23d\Default\IndexedDB\https_web.whatsapp.com_0.indexeddb.leveldb,IO error: C:\TECCIA\demo\.wwebjs_auth\session-d47a848b-d951-475f-8d17-33a4830fc23d\Default\IndexedDB\https_web.whatsapp.com_0.indexeddb.leveldb/LOCK: File currently in use. (ChromeMethodBFE: 15::LockFile::2)
